resource phase=service-updates-start
resource phase=service-ready initialization_seconds=2.868
resource updates=100096 update_seconds=3.457 query_count=1097 groups=391 largest_group=256
resource updates=200192 update_seconds=6.912 query_count=2575 groups=782 largest_group=256
resource updates=300032 update_seconds=10.329 query_count=3528 groups=1172 largest_group=256
resource updates=400128 update_seconds=13.769 query_count=4689 groups=1563 largest_group=256
resource updates=500224 update_seconds=17.209 query_count=5698 groups=1954 largest_group=256
resource updates=600064 update_seconds=20.756 query_count=6649 groups=2344 largest_group=256
resource updates=700160 update_seconds=24.324 query_count=7801 groups=2735 largest_group=256
resource updates=800000 update_seconds=27.871 query_count=8847 groups=3125 largest_group=256
resource updates=900096 update_seconds=31.443 query_count=9969 groups=3516 largest_group=256
resource updates=1000000 update_seconds=35.026 query_count=11292 groups=3907 largest_group=256
resource phase=service-updates-complete seconds=35.02613325300001 query_count=11295
resource phase=backup-start
resource phase=backup-complete seconds=39.123
resource phase=Memory-start
resource audit=start sequence=2
resource audit=complete sequence=2 seconds=2.131
resource audit=start sequence=2
resource audit=complete sequence=2 seconds=2.146
resource phase=Memory-complete seconds=49.777
resource phase=Disk-start
resource audit=start sequence=2
resource audit=complete sequence=2 seconds=2.143
resource audit=start sequence=3
resource audit=complete sequence=3 seconds=2.138
resource audit=start sequence=3
resource audit=complete sequence=3 seconds=2.148
resource phase=Disk-complete seconds=69.610
resource audit=start sequence=1000000
resource audit=complete sequence=1000000 seconds=2.147
{
  "scope": "installed Linux resource exhaustion and exact recovery; NOT performance/power-loss qualification",
  "python": "3.12.15",
  "platform": "Linux-6.8.0-117-generic-aarch64-with-glibc2.41",
  "vertices": 1000000,
  "paper_mode": "basic",
  "sequence": 1000000,
  "update_seconds": 35.02613325300001,
  "updates_per_second": 28550.11122057983,
  "cycle": 1000000,
  "limits": {
    "address": [
      536870912,
      536870912
    ],
    "filesystem": 182907904
  },
  "peak": 442363904,
  "working": 127832064,
  "state": {
    "version": 1000001,
    "sequence": 1000000,
    "vertices": 1000000,
    "edges": 2000000,
    "matching": 500000,
    "graph_bytes": 61003336,
    "mode": "basic",
    "sqlite": "3.46.1",
    "synchronous": "FULL",
    "fullfsync": 1,
    "max_operations": 1000000,
    "max_batch": 256,
    "history_operations": 1000000
  },
  "metrics": {
    "state": "open",
    "capacity": 4096,
    "query_reserve": 1,
    "update_admission_limit": 4095,
    "maintenance_capacity": 1,
    "maintenance_outstanding": 0,
    "outstanding": 0,
    "peak_outstanding": 257,
    "accepted": 1011299,
    "completed": 1011299,
    "failed_work": 0,
    "groups": 3907,
    "largest_group": 256,
    "batch_limit": 256,
    "batch_wait_ns": 1000000,
    "next_admission_sequence": 1000001,
    "update_latency_le_100000_ns": 0,
    "update_latency_le_500000_ns": 0,
    "update_latency_le_1000000_ns": 0,
    "update_latency_le_5000000_ns": 1,
    "update_latency_le_10000000_ns": 975943,
    "update_latency_le_50000000_ns": 1000000,
    "update_latency_le_100000000_ns": 1000000,
    "update_latency_le_500000000_ns": 1000000,
    "update_latency_le_1000000000_ns": 1000000,
    "update_latency_le_5000000000_ns": 1000000,
    "update_latency_le_30000000000_ns": 1000000,
    "read_latency_le_100000_ns": 7389,
    "read_latency_le_500000_ns": 7389,
    "read_latency_le_1000000_ns": 7389,
    "read_latency_le_5000000_ns": 7390,
    "read_latency_le_10000000_ns": 11267,
    "read_latency_le_50000000_ns": 11296,
    "read_latency_le_100000000_ns": 11296,
    "read_latency_le_500000000_ns": 11296,
    "read_latency_le_1000000000_ns": 11296,
    "read_latency_le_5000000000_ns": 11296,
    "read_latency_le_30000000000_ns": 11296,
    "maintenance_latency_le_100000_ns": 0,
    "maintenance_latency_le_500000_ns": 0,
    "maintenance_latency_le_1000000_ns": 0,
    "maintenance_latency_le_5000000_ns": 1,
    "maintenance_latency_le_10000000_ns": 1,
    "maintenance_latency_le_50000000_ns": 1,
    "maintenance_latency_le_100000000_ns": 1,
    "maintenance_latency_le_500000000_ns": 1,
    "maintenance_latency_le_1000000000_ns": 3,
    "maintenance_latency_le_5000000000_ns": 3,
    "maintenance_latency_le_30000000000_ns": 3,
    "update_latency_le_infinity_ns": 1000000,
    "read_latency_le_infinity_ns": 11296,
    "maintenance_latency_le_infinity_ns": 3,
    "update_latency_sum_ns": 7893598753236,
    "read_latency_sum_ns": 29904553814,
    "maintenance_latency_sum_ns": 1227563623
  },
  "partner_queries": {
    "count": 11295,
    "latency_ms": {
      "minimum": 0.023418,
      "mean": 3.0985640359451088,
      "maximum": 15.591199,
      "p50_upper_bound": 2,
      "p95_upper_bound": 10,
      "p99_upper_bound": 10,
      "p999_upper_bound": 25,
      "buckets_ms_upper_bounds": [
        0.1,
        0.25,
        0.5,
        1,
        2,
        5,
        10,
        25,
        50,
        100,
        250,
        500,
        1000,
        null
      ],
      "bucket_counts": [
        3747,
        1,
        0,
        1,
        3524,
        116,
        3865,
        41,
        0,
        0,
        0,
        0,
        0,
        0
      ]
    }
  },
  "backup": 55414784,
  "digest": "32801381edc449f9f0c1b760b9fbd73cabd1aa7fb737bbe808b431103305c44a",
  "pressure": {
    "Memory": {
      "allocated": 346947584,
      "failure": "MemoryError",
      "failed_group": 4096,
      "pressure_digest": "32801381edc449f9f0c1b760b9fbd73cabd1aa7fb737bbe808b431103305c44a",
      "rollback_verified": true,
      "verified": true
    },
    "Disk": {
      "digest": "32801381edc449f9f0c1b760b9fbd73cabd1aa7fb737bbe808b431103305c44a",
      "checkpoint": {
        "written": 67862528,
        "failed": true,
        "result": null,
        "complete": false,
        "digest": "005612a17673f8fa7dc769cc3272024d40b3f59191b06c3cd7d3f577b7cd4cfe",
        "verified": true
      },
      "update": {
        "update_written": 67821568,
        "update_sequence": 3,
        "update_outcome": "acknowledged-or-retried-exactly",
        "digest": "32801381edc449f9f0c1b760b9fbd73cabd1aa7fb737bbe808b431103305c44a",
        "verified": true
      }
    }
  },
  "verified": true
}
QUALIFICATION_PASS mode=basic repeat=2
