resource phase=service-updates-start
resource phase=service-ready initialization_seconds=2.916
resource updates=100096 update_seconds=3.369 query_count=408 groups=391 largest_group=256 state={"H_edges": 0, "H_reverse_edges": 0, "H_tilde_edges": 0, "color_matching_edges": 0, "deleted_edges": 0, "deleted_incident_rows": 0, "hierarchy": null, "inserted_edges": 0, "inserted_incident_rows": 0, "live_graph": {"active": 0, "allocated": 61003336, "budget": 134217728}, "matched_edges": 500000, "matching_overflow": 0, "phase_graph": null, "resident_bytes": 112697344, "system": {"A": 0, "B": 0, "L_entries": 0, "L_rows": 0, "U": 1000000, "lambda_entries": 0, "lambda_rows": 0}, "virtual_bytes": 288206848}
resource updates=200192 update_seconds=6.718 query_count=806 groups=782 largest_group=256 state={"H_edges": 0, "H_reverse_edges": 0, "H_tilde_edges": 0, "color_matching_edges": 0, "deleted_edges": 0, "deleted_incident_rows": 0, "hierarchy": null, "inserted_edges": 0, "inserted_incident_rows": 0, "live_graph": {"active": 0, "allocated": 61003336, "budget": 134217728}, "matched_edges": 500000, "matching_overflow": 0, "phase_graph": null, "resident_bytes": 117518336, "system": {"A": 0, "B": 0, "L_entries": 0, "L_rows": 0, "U": 1000000, "lambda_entries": 0, "lambda_rows": 0}, "virtual_bytes": 288206848}
resource updates=300032 update_seconds=10.076 query_count=1205 groups=1172 largest_group=256 state={"H_edges": 0, "H_reverse_edges": 0, "H_tilde_edges": 0, "color_matching_edges": 0, "deleted_edges": 0, "deleted_incident_rows": 0, "hierarchy": null, "inserted_edges": 0, "inserted_incident_rows": 0, "live_graph": {"active": 0, "allocated": 61003336, "budget": 134217728}, "matched_edges": 500000, "matching_overflow": 0, "phase_graph": null, "resident_bytes": 122327040, "system": {"A": 0, "B": 0, "L_entries": 0, "L_rows": 0, "U": 1000000, "lambda_entries": 0, "lambda_rows": 0}, "virtual_bytes": 288206848}
resource updates=400128 update_seconds=13.444 query_count=1616 groups=1563 largest_group=256 state={"H_edges": 0, "H_reverse_edges": 0, "H_tilde_edges": 0, "color_matching_edges": 0, "deleted_edges": 0, "deleted_incident_rows": 0, "hierarchy": null, "inserted_edges": 0, "inserted_incident_rows": 0, "live_graph": {"active": 0, "allocated": 61003336, "budget": 134217728}, "matched_edges": 500000, "matching_overflow": 0, "phase_graph": null, "resident_bytes": 127131648, "system": {"A": 0, "B": 0, "L_entries": 0, "L_rows": 0, "U": 1000000, "lambda_entries": 0, "lambda_rows": 0}, "virtual_bytes": 288206848}
resource updates=500224 update_seconds=16.791 query_count=2014 groups=1954 largest_group=256 state={"H_edges": 0, "H_reverse_edges": 0, "H_tilde_edges": 0, "color_matching_edges": 0, "deleted_edges": 0, "deleted_incident_rows": 0, "hierarchy": null, "inserted_edges": 0, "inserted_incident_rows": 0, "live_graph": {"active": 0, "allocated": 61003336, "budget": 134217728}, "matched_edges": 500000, "matching_overflow": 0, "phase_graph": null, "resident_bytes": 131923968, "system": {"A": 0, "B": 0, "L_entries": 0, "L_rows": 0, "U": 1000000, "lambda_entries": 0, "lambda_rows": 0}, "virtual_bytes": 288206848}
resource updates=600064 update_seconds=20.260 query_count=2420 groups=2344 largest_group=256 state={"H_edges": 0, "H_reverse_edges": 0, "H_tilde_edges": 0, "color_matching_edges": 0, "deleted_edges": 0, "deleted_incident_rows": 0, "hierarchy": null, "inserted_edges": 0, "inserted_incident_rows": 0, "live_graph": {"active": 0, "allocated": 61003336, "budget": 134217728}, "matched_edges": 500000, "matching_overflow": 0, "phase_graph": null, "resident_bytes": 131923968, "system": {"A": 0, "B": 0, "L_entries": 0, "L_rows": 0, "U": 1000000, "lambda_entries": 0, "lambda_rows": 0}, "virtual_bytes": 288206848}
resource updates=700160 update_seconds=23.775 query_count=2827 groups=2735 largest_group=256 state={"H_edges": 0, "H_reverse_edges": 0, "H_tilde_edges": 0, "color_matching_edges": 0, "deleted_edges": 0, "deleted_incident_rows": 0, "hierarchy": null, "inserted_edges": 0, "inserted_incident_rows": 0, "live_graph": {"active": 0, "allocated": 61003336, "budget": 134217728}, "matched_edges": 500000, "matching_overflow": 0, "phase_graph": null, "resident_bytes": 131923968, "system": {"A": 0, "B": 0, "L_entries": 0, "L_rows": 0, "U": 1000000, "lambda_entries": 0, "lambda_rows": 0}, "virtual_bytes": 288206848}
resource updates=800000 update_seconds=27.318 query_count=3231 groups=3125 largest_group=256 state={"H_edges": 0, "H_reverse_edges": 0, "H_tilde_edges": 0, "color_matching_edges": 0, "deleted_edges": 0, "deleted_incident_rows": 0, "hierarchy": null, "inserted_edges": 0, "inserted_incident_rows": 0, "live_graph": {"active": 0, "allocated": 61003336, "budget": 134217728}, "matched_edges": 500000, "matching_overflow": 0, "phase_graph": null, "resident_bytes": 131923968, "system": {"A": 0, "B": 0, "L_entries": 0, "L_rows": 0, "U": 1000000, "lambda_entries": 0, "lambda_rows": 0}, "virtual_bytes": 288206848}
resource updates=900096 update_seconds=30.787 query_count=3635 groups=3516 largest_group=256 state={"H_edges": 0, "H_reverse_edges": 0, "H_tilde_edges": 0, "color_matching_edges": 0, "deleted_edges": 0, "deleted_incident_rows": 0, "hierarchy": null, "inserted_edges": 0, "inserted_incident_rows": 0, "live_graph": {"active": 0, "allocated": 61003336, "budget": 134217728}, "matched_edges": 500000, "matching_overflow": 0, "phase_graph": null, "resident_bytes": 131923968, "system": {"A": 0, "B": 0, "L_entries": 0, "L_rows": 0, "U": 1000000, "lambda_entries": 0, "lambda_rows": 0}, "virtual_bytes": 288206848}
resource updates=1000000 update_seconds=34.250 query_count=4040 groups=3907 largest_group=256 state={"H_edges": 0, "H_reverse_edges": 0, "H_tilde_edges": 0, "color_matching_edges": 0, "deleted_edges": 0, "deleted_incident_rows": 0, "hierarchy": null, "inserted_edges": 0, "inserted_incident_rows": 0, "live_graph": {"active": 0, "allocated": 61003336, "budget": 134217728}, "matched_edges": 500000, "matching_overflow": 0, "phase_graph": null, "resident_bytes": 131923968, "system": {"A": 0, "B": 0, "L_entries": 0, "L_rows": 0, "U": 1000000, "lambda_entries": 0, "lambda_rows": 0}, "virtual_bytes": 288206848}
resource phase=service-updates-complete seconds=34.25013412199951 query_count=4040
resource phase=backup-start
resource phase=backup-complete seconds=38.411
resource phase=Memory-start
resource audit=start sequence=2
resource audit=complete sequence=2 seconds=2.120
resource audit=start sequence=2
resource audit=complete sequence=2 seconds=2.143
resource phase=Memory-complete seconds=49.134
resource phase=Disk-start
resource audit=start sequence=2
resource audit=complete sequence=2 seconds=2.120
resource audit=start sequence=3
resource audit=complete sequence=3 seconds=2.148
resource audit=start sequence=3
resource audit=complete sequence=3 seconds=2.144
resource phase=Disk-complete seconds=68.947
{
  "scope": "installed Linux resource exhaustion and exact recovery; NOT performance/power-loss qualification",
  "python": "3.12.15",
  "platform": "Linux-6.8.0-117-generic-aarch64-with-glibc2.41",
  "vertices": 1000000,
  "paper_mode": "basic",
  "sequence": 1000000,
  "update_seconds": 34.25013412199951,
  "updates_per_second": 29196.965957505,
  "cycle": 1000000,
  "limits": {
    "address": [
      536870912,
      536870912
    ],
    "filesystem": 182907904
  },
  "peak": 442265600,
  "working": 135057408,
  "state": {
    "version": 1000001,
    "sequence": 1000000,
    "vertices": 1000000,
    "edges": 2000000,
    "matching": 500000,
    "graph_bytes": 61003336,
    "mode": "basic",
    "sqlite": "3.46.1",
    "synchronous": "FULL",
    "fullfsync": 1,
    "max_operations": 1000000,
    "max_batch": 256,
    "history_operations": 1000000
  },
  "metrics": {
    "state": "open",
    "capacity": 4096,
    "query_reserve": 1,
    "update_admission_limit": 4095,
    "maintenance_capacity": 1,
    "maintenance_outstanding": 0,
    "outstanding": 0,
    "peak_outstanding": 2,
    "accepted": 7951,
    "completed": 7951,
    "failed_work": 0,
    "groups": 3907,
    "largest_group": 256,
    "batch_limit": 256,
    "batch_wait_ns": 1000000,
    "next_admission_sequence": 1000001,
    "update_latency_le_100000_ns": 0,
    "update_latency_le_500000_ns": 0,
    "update_latency_le_1000000_ns": 0,
    "update_latency_le_5000000_ns": 0,
    "update_latency_le_10000000_ns": 3789,
    "update_latency_le_50000000_ns": 3906,
    "update_latency_le_100000000_ns": 3907,
    "update_latency_le_500000000_ns": 3907,
    "update_latency_le_1000000000_ns": 3907,
    "update_latency_le_5000000000_ns": 3907,
    "update_latency_le_30000000000_ns": 3907,
    "read_latency_le_100000_ns": 142,
    "read_latency_le_500000_ns": 143,
    "read_latency_le_1000000_ns": 742,
    "read_latency_le_5000000_ns": 910,
    "read_latency_le_10000000_ns": 4025,
    "read_latency_le_50000000_ns": 4041,
    "read_latency_le_100000000_ns": 4041,
    "read_latency_le_500000000_ns": 4041,
    "read_latency_le_1000000000_ns": 4041,
    "read_latency_le_5000000000_ns": 4041,
    "read_latency_le_30000000000_ns": 4041,
    "maintenance_latency_le_100000_ns": 0,
    "maintenance_latency_le_500000_ns": 0,
    "maintenance_latency_le_1000000_ns": 0,
    "maintenance_latency_le_5000000_ns": 1,
    "maintenance_latency_le_10000000_ns": 1,
    "maintenance_latency_le_50000000_ns": 1,
    "maintenance_latency_le_100000000_ns": 1,
    "maintenance_latency_le_500000000_ns": 1,
    "maintenance_latency_le_1000000000_ns": 3,
    "maintenance_latency_le_5000000000_ns": 3,
    "maintenance_latency_le_30000000000_ns": 3,
    "update_latency_le_infinity_ns": 3907,
    "read_latency_le_infinity_ns": 4041,
    "maintenance_latency_le_infinity_ns": 3,
    "update_latency_sum_ns": 32735674018,
    "read_latency_sum_ns": 22883535543,
    "maintenance_latency_sum_ns": 1244631596
  },
  "partner_queries": {
    "count": 4040,
    "latency_ms": {
      "minimum": 0.038084,
      "mean": 5.75736103910891,
      "maximum": 45.199739,
      "p50_upper_bound": 10,
      "p95_upper_bound": 10,
      "p99_upper_bound": 10,
      "p999_upper_bound": 25,
      "buckets_ms_upper_bounds": [
        0.1,
        0.25,
        0.5,
        1,
        2,
        5,
        10,
        25,
        50,
        100,
        250,
        500,
        1000,
        null
      ],
      "bucket_counts": [
        131,
        1,
        0,
        439,
        270,
        58,
        3123,
        15,
        3,
        0,
        0,
        0,
        0,
        0
      ]
    }
  },
  "backup": 55414784,
  "digest": "32801381edc449f9f0c1b760b9fbd73cabd1aa7fb737bbe808b431103305c44a",
  "pressure": {
    "Memory": {
      "allocated": 343015424,
      "failure": "MemoryError",
      "failed_group": 4096,
      "pressure_digest": "32801381edc449f9f0c1b760b9fbd73cabd1aa7fb737bbe808b431103305c44a",
      "rollback_verified": true,
      "verified": true
    },
    "Disk": {
      "digest": "32801381edc449f9f0c1b760b9fbd73cabd1aa7fb737bbe808b431103305c44a",
      "checkpoint": {
        "written": 67862528,
        "failed": true,
        "result": null,
        "complete": false,
        "digest": "005612a17673f8fa7dc769cc3272024d40b3f59191b06c3cd7d3f577b7cd4cfe",
        "verified": true
      },
      "update": {
        "update_written": 67821568,
        "update_sequence": 3,
        "update_outcome": "acknowledged-or-retried-exactly",
        "digest": "32801381edc449f9f0c1b760b9fbd73cabd1aa7fb737bbe808b431103305c44a",
        "verified": true
      }
    }
  },
  "verified": true
}
