resource phase=service-updates-start
resource phase=service-ready initialization_seconds=2.905
resource updates=100096 update_seconds=3.400 query_count=403 groups=391 largest_group=256 state={"H_edges": 0, "H_reverse_edges": 0, "H_tilde_edges": 0, "color_matching_edges": 0, "deleted_edges": 0, "deleted_incident_rows": 0, "hierarchy": null, "inserted_edges": 0, "inserted_incident_rows": 0, "live_graph": {"active": 0, "allocated": 61003336, "budget": 134217728}, "matched_edges": 500000, "matching_overflow": 0, "phase_graph": null, "resident_bytes": 112680960, "system": {"A": 0, "B": 0, "L_entries": 0, "L_rows": 0, "U": 1000000, "lambda_entries": 0, "lambda_rows": 0}, "virtual_bytes": 288206848}
resource updates=200192 update_seconds=6.792 query_count=803 groups=782 largest_group=256 state={"H_edges": 0, "H_reverse_edges": 0, "H_tilde_edges": 0, "color_matching_edges": 0, "deleted_edges": 0, "deleted_incident_rows": 0, "hierarchy": null, "inserted_edges": 0, "inserted_incident_rows": 0, "live_graph": {"active": 0, "allocated": 61003336, "budget": 134217728}, "matched_edges": 500000, "matching_overflow": 0, "phase_graph": null, "resident_bytes": 117518336, "system": {"A": 0, "B": 0, "L_entries": 0, "L_rows": 0, "U": 1000000, "lambda_entries": 0, "lambda_rows": 0}, "virtual_bytes": 288206848}
resource updates=300032 update_seconds=10.174 query_count=1201 groups=1172 largest_group=256 state={"H_edges": 0, "H_reverse_edges": 0, "H_tilde_edges": 0, "color_matching_edges": 0, "deleted_edges": 0, "deleted_incident_rows": 0, "hierarchy": null, "inserted_edges": 0, "inserted_incident_rows": 0, "live_graph": {"active": 0, "allocated": 61003336, "budget": 134217728}, "matched_edges": 500000, "matching_overflow": 0, "phase_graph": null, "resident_bytes": 122310656, "system": {"A": 0, "B": 0, "L_entries": 0, "L_rows": 0, "U": 1000000, "lambda_entries": 0, "lambda_rows": 0}, "virtual_bytes": 288206848}
resource updates=400128 update_seconds=13.537 query_count=1608 groups=1563 largest_group=256 state={"H_edges": 0, "H_reverse_edges": 0, "H_tilde_edges": 0, "color_matching_edges": 0, "deleted_edges": 0, "deleted_incident_rows": 0, "hierarchy": null, "inserted_edges": 0, "inserted_incident_rows": 0, "live_graph": {"active": 0, "allocated": 61003336, "budget": 134217728}, "matched_edges": 500000, "matching_overflow": 0, "phase_graph": null, "resident_bytes": 127115264, "system": {"A": 0, "B": 0, "L_entries": 0, "L_rows": 0, "U": 1000000, "lambda_entries": 0, "lambda_rows": 0}, "virtual_bytes": 288206848}
resource updates=500224 update_seconds=16.920 query_count=2012 groups=1954 largest_group=256 state={"H_edges": 0, "H_reverse_edges": 0, "H_tilde_edges": 0, "color_matching_edges": 0, "deleted_edges": 0, "deleted_incident_rows": 0, "hierarchy": null, "inserted_edges": 0, "inserted_incident_rows": 0, "live_graph": {"active": 0, "allocated": 61003336, "budget": 134217728}, "matched_edges": 500000, "matching_overflow": 0, "phase_graph": null, "resident_bytes": 131907584, "system": {"A": 0, "B": 0, "L_entries": 0, "L_rows": 0, "U": 1000000, "lambda_entries": 0, "lambda_rows": 0}, "virtual_bytes": 288206848}
resource updates=600064 update_seconds=20.398 query_count=2404 groups=2344 largest_group=256 state={"H_edges": 0, "H_reverse_edges": 0, "H_tilde_edges": 0, "color_matching_edges": 0, "deleted_edges": 0, "deleted_incident_rows": 0, "hierarchy": null, "inserted_edges": 0, "inserted_incident_rows": 0, "live_graph": {"active": 0, "allocated": 61003336, "budget": 134217728}, "matched_edges": 500000, "matching_overflow": 0, "phase_graph": null, "resident_bytes": 131907584, "system": {"A": 0, "B": 0, "L_entries": 0, "L_rows": 0, "U": 1000000, "lambda_entries": 0, "lambda_rows": 0}, "virtual_bytes": 288206848}
resource updates=700160 update_seconds=23.909 query_count=2803 groups=2735 largest_group=256 state={"H_edges": 0, "H_reverse_edges": 0, "H_tilde_edges": 0, "color_matching_edges": 0, "deleted_edges": 0, "deleted_incident_rows": 0, "hierarchy": null, "inserted_edges": 0, "inserted_incident_rows": 0, "live_graph": {"active": 0, "allocated": 61003336, "budget": 134217728}, "matched_edges": 500000, "matching_overflow": 0, "phase_graph": null, "resident_bytes": 131907584, "system": {"A": 0, "B": 0, "L_entries": 0, "L_rows": 0, "U": 1000000, "lambda_entries": 0, "lambda_rows": 0}, "virtual_bytes": 288206848}
resource updates=800000 update_seconds=27.451 query_count=3203 groups=3125 largest_group=256 state={"H_edges": 0, "H_reverse_edges": 0, "H_tilde_edges": 0, "color_matching_edges": 0, "deleted_edges": 0, "deleted_incident_rows": 0, "hierarchy": null, "inserted_edges": 0, "inserted_incident_rows": 0, "live_graph": {"active": 0, "allocated": 61003336, "budget": 134217728}, "matched_edges": 500000, "matching_overflow": 0, "phase_graph": null, "resident_bytes": 131907584, "system": {"A": 0, "B": 0, "L_entries": 0, "L_rows": 0, "U": 1000000, "lambda_entries": 0, "lambda_rows": 0}, "virtual_bytes": 288206848}
resource updates=900096 update_seconds=30.952 query_count=3604 groups=3516 largest_group=256 state={"H_edges": 0, "H_reverse_edges": 0, "H_tilde_edges": 0, "color_matching_edges": 0, "deleted_edges": 0, "deleted_incident_rows": 0, "hierarchy": null, "inserted_edges": 0, "inserted_incident_rows": 0, "live_graph": {"active": 0, "allocated": 61003336, "budget": 134217728}, "matched_edges": 500000, "matching_overflow": 0, "phase_graph": null, "resident_bytes": 131907584, "system": {"A": 0, "B": 0, "L_entries": 0, "L_rows": 0, "U": 1000000, "lambda_entries": 0, "lambda_rows": 0}, "virtual_bytes": 288206848}
resource updates=1000000 update_seconds=34.441 query_count=4006 groups=3907 largest_group=256 state={"H_edges": 0, "H_reverse_edges": 0, "H_tilde_edges": 0, "color_matching_edges": 0, "deleted_edges": 0, "deleted_incident_rows": 0, "hierarchy": null, "inserted_edges": 0, "inserted_incident_rows": 0, "live_graph": {"active": 0, "allocated": 61003336, "budget": 134217728}, "matched_edges": 500000, "matching_overflow": 0, "phase_graph": null, "resident_bytes": 131907584, "system": {"A": 0, "B": 0, "L_entries": 0, "L_rows": 0, "U": 1000000, "lambda_entries": 0, "lambda_rows": 0}, "virtual_bytes": 288206848}
resource phase=service-updates-complete seconds=34.44084409499919 query_count=4006
resource phase=backup-start
resource phase=backup-complete seconds=38.588
resource phase=Memory-start
resource audit=start sequence=2
resource audit=complete sequence=2 seconds=2.129
resource audit=start sequence=2
resource audit=complete sequence=2 seconds=2.143
resource phase=Memory-complete seconds=49.341
resource phase=Disk-start
resource audit=start sequence=2
resource audit=complete sequence=2 seconds=2.142
resource audit=start sequence=3
resource audit=complete sequence=3 seconds=2.133
resource audit=start sequence=3
resource audit=complete sequence=3 seconds=2.145
resource phase=Disk-complete seconds=69.116
{
  "scope": "installed Linux resource exhaustion and exact recovery; NOT performance/power-loss qualification",
  "python": "3.12.15",
  "platform": "Linux-6.8.0-117-generic-aarch64-with-glibc2.41",
  "vertices": 1000000,
  "paper_mode": "basic",
  "sequence": 1000000,
  "update_seconds": 34.44084409499919,
  "updates_per_second": 29035.29301551584,
  "cycle": 1000000,
  "limits": {
    "address": [
      536870912,
      536870912
    ],
    "filesystem": 182907904
  },
  "peak": 442298368,
  "working": 135270400,
  "state": {
    "version": 1000001,
    "sequence": 1000000,
    "vertices": 1000000,
    "edges": 2000000,
    "matching": 500000,
    "graph_bytes": 61003336,
    "mode": "basic",
    "sqlite": "3.46.1",
    "synchronous": "FULL",
    "fullfsync": 1,
    "max_operations": 1000000,
    "max_batch": 256,
    "history_operations": 1000000
  },
  "metrics": {
    "state": "open",
    "capacity": 4096,
    "query_reserve": 1,
    "update_admission_limit": 4095,
    "maintenance_capacity": 1,
    "maintenance_outstanding": 0,
    "outstanding": 0,
    "peak_outstanding": 2,
    "accepted": 7917,
    "completed": 7917,
    "failed_work": 0,
    "groups": 3907,
    "largest_group": 256,
    "batch_limit": 256,
    "batch_wait_ns": 1000000,
    "next_admission_sequence": 1000001,
    "update_latency_le_100000_ns": 0,
    "update_latency_le_500000_ns": 0,
    "update_latency_le_1000000_ns": 0,
    "update_latency_le_5000000_ns": 0,
    "update_latency_le_10000000_ns": 3793,
    "update_latency_le_50000000_ns": 3906,
    "update_latency_le_100000000_ns": 3907,
    "update_latency_le_500000000_ns": 3907,
    "update_latency_le_1000000000_ns": 3907,
    "update_latency_le_5000000000_ns": 3907,
    "update_latency_le_30000000000_ns": 3907,
    "read_latency_le_100000_ns": 105,
    "read_latency_le_500000_ns": 107,
    "read_latency_le_1000000_ns": 739,
    "read_latency_le_5000000_ns": 926,
    "read_latency_le_10000000_ns": 3993,
    "read_latency_le_50000000_ns": 4007,
    "read_latency_le_100000000_ns": 4007,
    "read_latency_le_500000000_ns": 4007,
    "read_latency_le_1000000000_ns": 4007,
    "read_latency_le_5000000000_ns": 4007,
    "read_latency_le_30000000000_ns": 4007,
    "maintenance_latency_le_100000_ns": 0,
    "maintenance_latency_le_500000_ns": 0,
    "maintenance_latency_le_1000000_ns": 0,
    "maintenance_latency_le_5000000_ns": 1,
    "maintenance_latency_le_10000000_ns": 1,
    "maintenance_latency_le_50000000_ns": 1,
    "maintenance_latency_le_100000000_ns": 1,
    "maintenance_latency_le_500000000_ns": 1,
    "maintenance_latency_le_1000000000_ns": 3,
    "maintenance_latency_le_5000000000_ns": 3,
    "maintenance_latency_le_30000000000_ns": 3,
    "update_latency_le_infinity_ns": 3907,
    "read_latency_le_infinity_ns": 4007,
    "maintenance_latency_le_infinity_ns": 3,
    "update_latency_sum_ns": 32926543905,
    "read_latency_sum_ns": 22746602492,
    "maintenance_latency_sum_ns": 1240804676
  },
  "partner_queries": {
    "count": 4006,
    "latency_ms": {
      "minimum": 0.038626,
      "mean": 5.776845524712931,
      "maximum": 49.208642,
      "p50_upper_bound": 10,
      "p95_upper_bound": 10,
      "p99_upper_bound": 10,
      "p999_upper_bound": 25,
      "buckets_ms_upper_bounds": [
        0.1,
        0.25,
        0.5,
        1,
        2,
        5,
        10,
        25,
        50,
        100,
        250,
        500,
        1000,
        null
      ],
      "bucket_counts": [
        96,
        1,
        0,
        463,
        288,
        69,
        3071,
        15,
        3,
        0,
        0,
        0,
        0,
        0
      ]
    }
  },
  "backup": 55414784,
  "digest": "32801381edc449f9f0c1b760b9fbd73cabd1aa7fb737bbe808b431103305c44a",
  "pressure": {
    "Memory": {
      "allocated": 343015424,
      "failure": "MemoryError",
      "failed_group": 4096,
      "pressure_digest": "32801381edc449f9f0c1b760b9fbd73cabd1aa7fb737bbe808b431103305c44a",
      "rollback_verified": true,
      "verified": true
    },
    "Disk": {
      "digest": "32801381edc449f9f0c1b760b9fbd73cabd1aa7fb737bbe808b431103305c44a",
      "checkpoint": {
        "written": 67862528,
        "failed": true,
        "result": null,
        "complete": false,
        "digest": "005612a17673f8fa7dc769cc3272024d40b3f59191b06c3cd7d3f577b7cd4cfe",
        "verified": true
      },
      "update": {
        "update_written": 67821568,
        "update_sequence": 3,
        "update_outcome": "acknowledged-or-retried-exactly",
        "digest": "32801381edc449f9f0c1b760b9fbd73cabd1aa7fb737bbe808b431103305c44a",
        "verified": true
      }
    }
  },
  "verified": true
}
