resource phase=service-updates-start
resource phase=service-ready initialization_seconds=5.039
resource updates=100096 update_seconds=4.029 query_count=407 groups=391 largest_group=256
resource updates=200192 update_seconds=8.204 query_count=808 groups=782 largest_group=256
Traceback (most recent call last):
  File "/workspace/scripts/verify_resource_envelope.py", line 1011, in <module>
    Envelope.cli()
  File "/workspace/scripts/verify_resource_envelope.py", line 1007, in cli
    envelope.launch()
  File "/workspace/scripts/verify_resource_envelope.py", line 975, in launch
    subprocess.run(
  File "/usr/local/lib/python3.12/subprocess.py", line 550, in run
    stdout, stderr = process.communicate(input, timeout=timeout)
                     ^^^^^^^^^^^^^^^^^^^^^^^^^^^^^^^^^^^^^^^^^^^
  File "/usr/local/lib/python3.12/subprocess.py", line 1209, in communicate
    stdout, stderr = self._communicate(input, endtime, timeout)
                     ^^^^^^^^^^^^^^^^^^^^^^^^^^^^^^^^^^^^^^^^^^
  File "/usr/local/lib/python3.12/subprocess.py", line 2141, in _communicate
    self.wait(timeout=self._remaining_time(endtime))
  File "/usr/local/lib/python3.12/subprocess.py", line 1264, in wait
    return self._wait(timeout=timeout)
           ^^^^^^^^^^^^^^^^^^^^^^^^^^^
  File "/usr/local/lib/python3.12/subprocess.py", line 2045, in _wait
    raise TimeoutExpired(self.args, timeout)
subprocess.TimeoutExpired: Command '['/usr/local/bin/python', '-I', '/workspace/scripts/verify_resource_envelope.py', '--directory', '/tmp/vol', '--vertices', '1000000', '--mode', 'multilevel', '--worker', '--growth']' timed out after 449.9999948750001 seconds
