resource phase=service-updates-start
resource phase=service-ready initialization_seconds=4.958
resource updates=100096 update_seconds=3.889 query_count=402 groups=391 largest_group=256 state={"H_edges": 0, "H_reverse_edges": 0, "H_tilde_edges": 0, "color_matching_edges": 0, "deleted_edges": 0, "deleted_incident_rows": 0, "hierarchy": {"deferred_edges": 0, "levels": 1, "partitions": [{"A": 0, "B": 0, "U": 1000000}]}, "inserted_edges": 100096, "inserted_incident_rows": 200192, "live_graph": {"active": 0, "allocated": 61003336, "budget": 134217728}, "matched_edges": 500000, "matching_overflow": 0, "phase_graph": {"active": 0, "allocated": 38166088, "budget": 67108864}, "resident_bytes": 197480448, "system": {"A": 0, "B": 0, "L_entries": 0, "L_rows": 0, "U": 1000000, "lambda_entries": 0, "lambda_rows": 0}, "virtual_bytes": 351412224}
resource updates=200192 update_seconds=7.880 query_count=798 groups=782 largest_group=256 state={"H_edges": 0, "H_reverse_edges": 0, "H_tilde_edges": 0, "color_matching_edges": 0, "deleted_edges": 0, "deleted_incident_rows": 0, "hierarchy": {"deferred_edges": 0, "levels": 1, "partitions": [{"A": 0, "B": 0, "U": 1000000}]}, "inserted_edges": 200192, "inserted_incident_rows": 400384, "live_graph": {"active": 0, "allocated": 61003336, "budget": 134217728}, "matched_edges": 500000, "matching_overflow": 0, "phase_graph": {"active": 0, "allocated": 38166088, "budget": 67108864}, "resident_bytes": 254173184, "system": {"A": 0, "B": 0, "L_entries": 0, "L_rows": 0, "U": 1000000, "lambda_entries": 0, "lambda_rows": 0}, "virtual_bytes": 373432320}
resource updates=300032 update_seconds=11.960 query_count=1200 groups=1172 largest_group=256 state={"H_edges": 0, "H_reverse_edges": 0, "H_tilde_edges": 0, "color_matching_edges": 0, "deleted_edges": 0, "deleted_incident_rows": 0, "hierarchy": {"deferred_edges": 0, "levels": 1, "partitions": [{"A": 0, "B": 0, "U": 1000000}]}, "inserted_edges": 300032, "inserted_incident_rows": 600064, "live_graph": {"active": 0, "allocated": 61003336, "budget": 134217728}, "matched_edges": 500000, "matching_overflow": 0, "phase_graph": {"active": 0, "allocated": 38166088, "budget": 67108864}, "resident_bytes": 281415680, "system": {"A": 0, "B": 0, "L_entries": 0, "L_rows": 0, "U": 1000000, "lambda_entries": 0, "lambda_rows": 0}, "virtual_bytes": 396500992}
resource updates=400128 update_seconds=16.187 query_count=1602 groups=1563 largest_group=256 state={"H_edges": 0, "H_reverse_edges": 0, "H_tilde_edges": 0, "color_matching_edges": 0, "deleted_edges": 0, "deleted_incident_rows": 0, "hierarchy": {"deferred_edges": 0, "levels": 1, "partitions": [{"A": 0, "B": 0, "U": 1000000}]}, "inserted_edges": 400128, "inserted_incident_rows": 800256, "live_graph": {"active": 0, "allocated": 61003336, "budget": 134217728}, "matched_edges": 500000, "matching_overflow": 0, "phase_graph": {"active": 0, "allocated": 38166088, "budget": 67108864}, "resident_bytes": 350683136, "system": {"A": 0, "B": 0, "L_entries": 0, "L_rows": 0, "U": 1000000, "lambda_entries": 0, "lambda_rows": 0}, "virtual_bytes": 460468224}
resource updates=500224 update_seconds=20.601 query_count=2000 groups=1954 largest_group=256 state={"H_edges": 0, "H_reverse_edges": 0, "H_tilde_edges": 0, "color_matching_edges": 0, "deleted_edges": 0, "deleted_incident_rows": 0, "hierarchy": {"deferred_edges": 0, "levels": 1, "partitions": [{"A": 0, "B": 0, "U": 1000000}]}, "inserted_edges": 499776, "inserted_incident_rows": 999552, "live_graph": {"active": 0, "allocated": 61003336, "budget": 134217728}, "matched_edges": 500000, "matching_overflow": 0, "phase_graph": {"active": 0, "allocated": 38166088, "budget": 67108864}, "resident_bytes": 377937920, "system": {"A": 0, "B": 0, "L_entries": 0, "L_rows": 0, "U": 1000000, "lambda_entries": 0, "lambda_rows": 0}, "virtual_bytes": 483536896}
resource updates=600064 update_seconds=24.455 query_count=2399 groups=2344 largest_group=256 state={"H_edges": 0, "H_reverse_edges": 0, "H_tilde_edges": 0, "color_matching_edges": 0, "deleted_edges": 0, "deleted_incident_rows": 0, "hierarchy": {"deferred_edges": 0, "levels": 1, "partitions": [{"A": 0, "B": 0, "U": 1000000}]}, "inserted_edges": 399936, "inserted_incident_rows": 799872, "live_graph": {"active": 0, "allocated": 61003336, "budget": 134217728}, "matched_edges": 500000, "matching_overflow": 0, "phase_graph": {"active": 0, "allocated": 38166088, "budget": 67108864}, "resident_bytes": 377937920, "system": {"A": 0, "B": 0, "L_entries": 0, "L_rows": 0, "U": 1000000, "lambda_entries": 0, "lambda_rows": 0}, "virtual_bytes": 483536896}
resource updates=700160 update_seconds=28.283 query_count=2802 groups=2735 largest_group=256 state={"H_edges": 0, "H_reverse_edges": 0, "H_tilde_edges": 0, "color_matching_edges": 0, "deleted_edges": 0, "deleted_incident_rows": 0, "hierarchy": {"deferred_edges": 0, "levels": 1, "partitions": [{"A": 0, "B": 0, "U": 1000000}]}, "inserted_edges": 299840, "inserted_incident_rows": 599680, "live_graph": {"active": 0, "allocated": 61003336, "budget": 134217728}, "matched_edges": 500000, "matching_overflow": 0, "phase_graph": {"active": 0, "allocated": 38166088, "budget": 67108864}, "resident_bytes": 377937920, "system": {"A": 0, "B": 0, "L_entries": 0, "L_rows": 0, "U": 1000000, "lambda_entries": 0, "lambda_rows": 0}, "virtual_bytes": 483536896}
resource updates=800000 update_seconds=32.032 query_count=3206 groups=3125 largest_group=256 state={"H_edges": 0, "H_reverse_edges": 0, "H_tilde_edges": 0, "color_matching_edges": 0, "deleted_edges": 0, "deleted_incident_rows": 0, "hierarchy": {"deferred_edges": 0, "levels": 1, "partitions": [{"A": 0, "B": 0, "U": 1000000}]}, "inserted_edges": 200000, "inserted_incident_rows": 400000, "live_graph": {"active": 0, "allocated": 61003336, "budget": 134217728}, "matched_edges": 500000, "matching_overflow": 0, "phase_graph": {"active": 0, "allocated": 38166088, "budget": 67108864}, "resident_bytes": 377937920, "system": {"A": 0, "B": 0, "L_entries": 0, "L_rows": 0, "U": 1000000, "lambda_entries": 0, "lambda_rows": 0}, "virtual_bytes": 483536896}
resource updates=900096 update_seconds=35.795 query_count=3611 groups=3516 largest_group=256 state={"H_edges": 0, "H_reverse_edges": 0, "H_tilde_edges": 0, "color_matching_edges": 0, "deleted_edges": 0, "deleted_incident_rows": 0, "hierarchy": {"deferred_edges": 0, "levels": 1, "partitions": [{"A": 0, "B": 0, "U": 1000000}]}, "inserted_edges": 99904, "inserted_incident_rows": 199808, "live_graph": {"active": 0, "allocated": 61003336, "budget": 134217728}, "matched_edges": 500000, "matching_overflow": 0, "phase_graph": {"active": 0, "allocated": 38166088, "budget": 67108864}, "resident_bytes": 375840768, "system": {"A": 0, "B": 0, "L_entries": 0, "L_rows": 0, "U": 1000000, "lambda_entries": 0, "lambda_rows": 0}, "virtual_bytes": 481439744}
resource query-worker secondary failure=RuntimeError('partner-query load failed; owner_failure=None')
Traceback (most recent call last):
  File "/workspace/scripts/verify_resource_envelope.py", line 1099, in <module>
    Envelope.cli()
  File "/workspace/scripts/verify_resource_envelope.py", line 1093, in cli
    print(json.dumps(envelope.run(), indent=2))
                     ^^^^^^^^^^^^^^
  File "/workspace/scripts/verify_resource_envelope.py", line 973, in run
    update_seconds, queries = self.update(service)
                              ^^^^^^^^^^^^^^^^^^^^
  File "/workspace/scripts/verify_resource_envelope.py", line 895, in update
    outcomes = service.submit_batch(requests).result(
               ^^^^^^^^^^^^^^^^^^^^^^^^^^^^^^^^^^^^^^
  File "/workspace/axiom/service.py", line 124, in result
    raise TimeoutError("accepted work may still commit; retain its ID")
TimeoutError: accepted work may still commit; retain its ID
Traceback (most recent call last):
  File "/workspace/scripts/verify_resource_envelope.py", line 1099, in <module>
    Envelope.cli()
  File "/workspace/scripts/verify_resource_envelope.py", line 1095, in cli
    envelope.launch()
  File "/workspace/scripts/verify_resource_envelope.py", line 1063, in launch
    subprocess.run(
  File "/usr/local/lib/python3.12/subprocess.py", line 571, in run
    raise CalledProcessError(retcode, process.args,
subprocess.CalledProcessError: Command '['/usr/local/bin/python', '-I', '/workspace/scripts/verify_resource_envelope.py', '--directory', '/tmp/vol', '--vertices', '1000000', '--mode', 'multilevel', '--worker', '--growth']' returned non-zero exit status 1.
