resource phase=service-updates-start
resource phase=service-ready initialization_seconds=5.746
resource updates=100096 update_seconds=5.128 query_count=403 groups=391 largest_group=256 state={"H_edges": 0, "H_reverse_edges": 0, "H_tilde_edges": 0, "color_matching_edges": 0, "deleted_edges": 0, "deleted_incident_rows": 0, "hierarchy": {"deferred_edges": 0, "levels": 1, "partitions": [{"A": 0, "B": 0, "U": 1000000}]}, "inserted_edges": 100096, "inserted_incident_rows": 200192, "live_graph": {"active": 0, "allocated": 61003336, "budget": 134217728}, "matched_edges": 500000, "matching_overflow": 0, "phase_graph": null, "resident_bytes": 160833536, "system": {"A": 0, "B": 0, "L_entries": 0, "L_rows": 0, "U": 1000000, "lambda_entries": 0, "lambda_rows": 0}, "virtual_bytes": 313499648}
resource updates=200192 update_seconds=10.316 query_count=815 groups=782 largest_group=256 state={"H_edges": 0, "H_reverse_edges": 0, "H_tilde_edges": 0, "color_matching_edges": 0, "deleted_edges": 0, "deleted_incident_rows": 0, "hierarchy": {"deferred_edges": 0, "levels": 1, "partitions": [{"A": 0, "B": 0, "U": 1000000}]}, "inserted_edges": 200192, "inserted_incident_rows": 400384, "live_graph": {"active": 0, "allocated": 61003336, "budget": 134217728}, "matched_edges": 500000, "matching_overflow": 0, "phase_graph": null, "resident_bytes": 217522176, "system": {"A": 0, "B": 0, "L_entries": 0, "L_rows": 0, "U": 1000000, "lambda_entries": 0, "lambda_rows": 0}, "virtual_bytes": 335519744}
resource updates=300032 update_seconds=15.676 query_count=1220 groups=1172 largest_group=256 state={"H_edges": 0, "H_reverse_edges": 0, "H_tilde_edges": 0, "color_matching_edges": 0, "deleted_edges": 0, "deleted_incident_rows": 0, "hierarchy": {"deferred_edges": 0, "levels": 1, "partitions": [{"A": 0, "B": 0, "U": 1000000}]}, "inserted_edges": 300032, "inserted_incident_rows": 600064, "live_graph": {"active": 0, "allocated": 61003336, "budget": 134217728}, "matched_edges": 500000, "matching_overflow": 0, "phase_graph": null, "resident_bytes": 244772864, "system": {"A": 0, "B": 0, "L_entries": 0, "L_rows": 0, "U": 1000000, "lambda_entries": 0, "lambda_rows": 0}, "virtual_bytes": 358588416}
resource updates=400128 update_seconds=21.505 query_count=1639 groups=1563 largest_group=256 state={"H_edges": 0, "H_reverse_edges": 0, "H_tilde_edges": 0, "color_matching_edges": 0, "deleted_edges": 0, "deleted_incident_rows": 0, "hierarchy": {"deferred_edges": 0, "levels": 1, "partitions": [{"A": 0, "B": 0, "U": 1000000}]}, "inserted_edges": 400128, "inserted_incident_rows": 800256, "live_graph": {"active": 0, "allocated": 61003336, "budget": 134217728}, "matched_edges": 500000, "matching_overflow": 0, "phase_graph": null, "resident_bytes": 314052608, "system": {"A": 0, "B": 0, "L_entries": 0, "L_rows": 0, "U": 1000000, "lambda_entries": 0, "lambda_rows": 0}, "virtual_bytes": 423604224}
resource updates=500224 update_seconds=26.935 query_count=2054 groups=1954 largest_group=256 state={"H_edges": 0, "H_reverse_edges": 0, "H_tilde_edges": 0, "color_matching_edges": 0, "deleted_edges": 0, "deleted_incident_rows": 0, "hierarchy": {"deferred_edges": 0, "levels": 1, "partitions": [{"A": 0, "B": 0, "U": 1000000}]}, "inserted_edges": 499776, "inserted_incident_rows": 999552, "live_graph": {"active": 0, "allocated": 61003336, "budget": 134217728}, "matched_edges": 500000, "matching_overflow": 0, "phase_graph": null, "resident_bytes": 341299200, "system": {"A": 0, "B": 0, "L_entries": 0, "L_rows": 0, "U": 1000000, "lambda_entries": 0, "lambda_rows": 0}, "virtual_bytes": 445624320}
resource updates=600064 update_seconds=31.049 query_count=2462 groups=2344 largest_group=256 state={"H_edges": 0, "H_reverse_edges": 0, "H_tilde_edges": 0, "color_matching_edges": 0, "deleted_edges": 0, "deleted_incident_rows": 0, "hierarchy": {"deferred_edges": 0, "levels": 1, "partitions": [{"A": 0, "B": 0, "U": 1000000}]}, "inserted_edges": 399936, "inserted_incident_rows": 799872, "live_graph": {"active": 0, "allocated": 61003336, "budget": 134217728}, "matched_edges": 500000, "matching_overflow": 0, "phase_graph": null, "resident_bytes": 341315584, "system": {"A": 0, "B": 0, "L_entries": 0, "L_rows": 0, "U": 1000000, "lambda_entries": 0, "lambda_rows": 0}, "virtual_bytes": 445624320}
resource updates=700160 update_seconds=35.128 query_count=2866 groups=2735 largest_group=256 state={"H_edges": 0, "H_reverse_edges": 0, "H_tilde_edges": 0, "color_matching_edges": 0, "deleted_edges": 0, "deleted_incident_rows": 0, "hierarchy": {"deferred_edges": 0, "levels": 1, "partitions": [{"A": 0, "B": 0, "U": 1000000}]}, "inserted_edges": 299840, "inserted_incident_rows": 599680, "live_graph": {"active": 0, "allocated": 61003336, "budget": 134217728}, "matched_edges": 500000, "matching_overflow": 0, "phase_graph": null, "resident_bytes": 341315584, "system": {"A": 0, "B": 0, "L_entries": 0, "L_rows": 0, "U": 1000000, "lambda_entries": 0, "lambda_rows": 0}, "virtual_bytes": 445624320}
resource updates=800000 update_seconds=39.109 query_count=3260 groups=3125 largest_group=256 state={"H_edges": 0, "H_reverse_edges": 0, "H_tilde_edges": 0, "color_matching_edges": 0, "deleted_edges": 0, "deleted_incident_rows": 0, "hierarchy": {"deferred_edges": 0, "levels": 1, "partitions": [{"A": 0, "B": 0, "U": 1000000}]}, "inserted_edges": 200000, "inserted_incident_rows": 400000, "live_graph": {"active": 0, "allocated": 61003336, "budget": 134217728}, "matched_edges": 500000, "matching_overflow": 0, "phase_graph": null, "resident_bytes": 341315584, "system": {"A": 0, "B": 0, "L_entries": 0, "L_rows": 0, "U": 1000000, "lambda_entries": 0, "lambda_rows": 0}, "virtual_bytes": 445624320}
resource updates=900096 update_seconds=43.084 query_count=3673 groups=3516 largest_group=256 state={"H_edges": 0, "H_reverse_edges": 0, "H_tilde_edges": 0, "color_matching_edges": 0, "deleted_edges": 0, "deleted_incident_rows": 0, "hierarchy": {"deferred_edges": 0, "levels": 1, "partitions": [{"A": 0, "B": 0, "U": 1000000}]}, "inserted_edges": 99904, "inserted_incident_rows": 199808, "live_graph": {"active": 0, "allocated": 61003336, "budget": 134217728}, "matched_edges": 500000, "matching_overflow": 0, "phase_graph": null, "resident_bytes": 341315584, "system": {"A": 0, "B": 0, "L_entries": 0, "L_rows": 0, "U": 1000000, "lambda_entries": 0, "lambda_rows": 0}, "virtual_bytes": 445624320}
resource updates=1000000 update_seconds=54.040 query_count=4073 groups=3907 largest_group=256 state={"H_edges": 0, "H_reverse_edges": 0, "H_tilde_edges": 0, "color_matching_edges": 0, "deleted_edges": 0, "deleted_incident_rows": 0, "hierarchy": {"deferred_edges": 0, "levels": 1, "partitions": [{"A": 0, "B": 0, "U": 1000000}]}, "inserted_edges": 0, "inserted_incident_rows": 0, "live_graph": {"active": 0, "allocated": 61003336, "budget": 134217728}, "matched_edges": 500000, "matching_overflow": 0, "phase_graph": null, "resident_bytes": 297029632, "system": {"A": 0, "B": 0, "L_entries": 0, "L_rows": 0, "U": 1000000, "lambda_entries": 0, "lambda_rows": 0}, "virtual_bytes": 395288576}
resource phase=service-updates-complete seconds=54.0400448019991 query_count=4074
resource phase=backup-start
resource phase=backup-complete seconds=64.617
resource phase=Memory-start
resource audit=start sequence=2
resource audit=complete sequence=2 seconds=3.905
resource audit=start sequence=2
resource audit=complete sequence=2 seconds=3.950
resource phase=Memory-complete seconds=86.214
resource phase=Disk-start
resource audit=start sequence=2
resource audit=complete sequence=2 seconds=3.919
resource audit=start sequence=3
resource audit=complete sequence=3 seconds=3.901
resource audit=start sequence=3
resource audit=complete sequence=3 seconds=3.908
resource phase=Disk-complete seconds=127.416
Traceback (most recent call last):
  File "/workspace/scripts/verify_resource_envelope.py", line 1099, in <module>
    Envelope.cli()
  File "/workspace/scripts/verify_resource_envelope.py", line 1093, in cli
    print(json.dumps(envelope.run(), indent=2))
                     ^^^^^^^^^^^^^^
  File "/workspace/scripts/verify_resource_envelope.py", line 1011, in run
    with Durable(restored, mode=self.mode, budget=128 << 20) as owner:
         ^^^^^^^^^^^^^^^^^^^^^^^^^^^^^^^^^^^^^^^^^^^^^^^^^^^
  File "/workspace/axiom/durable.py", line 249, in __init__
    self._recover(n, width)
  File "/workspace/axiom/durable.py", line 584, in _recover
    ) = self._replay_operations(n, saved_width, metadata)
        ^^^^^^^^^^^^^^^^^^^^^^^^^^^^^^^^^^^^^^^^^^^^^^^^^
  File "/workspace/axiom/durable.py", line 326, in _replay_operations
    return self._replay_operations_inner(n, width, metadata)
           ^^^^^^^^^^^^^^^^^^^^^^^^^^^^^^^^^^^^^^^^^^^^^^^^^
  File "/workspace/axiom/durable.py", line 390, in _replay_operations_inner
    actual = self._transition(bool(adding), left, right)
             ^^^^^^^^^^^^^^^^^^^^^^^^^^^^^^^^^^^^^^^^^^^
  File "/workspace/axiom/durable.py", line 920, in _transition
    self._matcher.insert(left, right)
  File "/workspace/axiom/core.py", line 977, in insert
    self.__edit(u, v, added=True)
  File "/workspace/axiom/core.py", line 1149, in __edit
    mutate(u, v)
MemoryError
Traceback (most recent call last):
  File "/workspace/scripts/verify_resource_envelope.py", line 1099, in <module>
    Envelope.cli()
  File "/workspace/scripts/verify_resource_envelope.py", line 1095, in cli
    envelope.launch()
  File "/workspace/scripts/verify_resource_envelope.py", line 1063, in launch
    subprocess.run(
  File "/usr/local/lib/python3.12/subprocess.py", line 571, in run
    raise CalledProcessError(retcode, process.args,
subprocess.CalledProcessError: Command '['/usr/local/bin/python', '-I', '/workspace/scripts/verify_resource_envelope.py', '--directory', '/tmp/vol', '--vertices', '1000000', '--mode', 'multilevel', '--worker', '--growth']' returned non-zero exit status 1.
