resource phase=service-updates-start
resource phase=service-ready initialization_seconds=5.626
resource updates=100096 update_seconds=4.450 query_count=405 groups=391 largest_group=256 state={"H_edges": 0, "H_reverse_edges": 0, "H_tilde_edges": 0, "color_matching_edges": 0, "deleted_edges": 0, "deleted_incident_rows": 0, "hierarchy": {"deferred_edges": 0, "levels": 1, "partitions": [{"A": 0, "B": 0, "U": 1000000}]}, "inserted_edges": 100096, "inserted_incident_rows": 200192, "live_graph": {"active": 0, "allocated": 61003336, "budget": 134217728}, "matched_edges": 500000, "matching_overflow": 0, "phase_graph": null, "resident_bytes": 160522240, "system": {"A": 0, "B": 0, "L_entries": 0, "L_rows": 0, "U": 1000000, "lambda_entries": 0, "lambda_rows": 0}, "virtual_bytes": 313344000}
resource updates=200192 update_seconds=9.078 query_count=809 groups=782 largest_group=256 state={"H_edges": 0, "H_reverse_edges": 0, "H_tilde_edges": 0, "color_matching_edges": 0, "deleted_edges": 0, "deleted_incident_rows": 0, "hierarchy": {"deferred_edges": 0, "levels": 1, "partitions": [{"A": 0, "B": 0, "U": 1000000}]}, "inserted_edges": 200192, "inserted_incident_rows": 400384, "live_graph": {"active": 0, "allocated": 61003336, "budget": 134217728}, "matched_edges": 500000, "matching_overflow": 0, "phase_graph": null, "resident_bytes": 217206784, "system": {"A": 0, "B": 0, "L_entries": 0, "L_rows": 0, "U": 1000000, "lambda_entries": 0, "lambda_rows": 0}, "virtual_bytes": 335364096}
resource updates=300032 update_seconds=13.779 query_count=1209 groups=1172 largest_group=256 state={"H_edges": 0, "H_reverse_edges": 0, "H_tilde_edges": 0, "color_matching_edges": 0, "deleted_edges": 0, "deleted_incident_rows": 0, "hierarchy": {"deferred_edges": 0, "levels": 1, "partitions": [{"A": 0, "B": 0, "U": 1000000}]}, "inserted_edges": 300032, "inserted_incident_rows": 600064, "live_graph": {"active": 0, "allocated": 61003336, "budget": 134217728}, "matched_edges": 500000, "matching_overflow": 0, "phase_graph": null, "resident_bytes": 244461568, "system": {"A": 0, "B": 0, "L_entries": 0, "L_rows": 0, "U": 1000000, "lambda_entries": 0, "lambda_rows": 0}, "virtual_bytes": 358432768}
resource updates=400128 update_seconds=18.642 query_count=1605 groups=1563 largest_group=256 state={"H_edges": 0, "H_reverse_edges": 0, "H_tilde_edges": 0, "color_matching_edges": 0, "deleted_edges": 0, "deleted_incident_rows": 0, "hierarchy": {"deferred_edges": 0, "levels": 1, "partitions": [{"A": 0, "B": 0, "U": 1000000}]}, "inserted_edges": 400128, "inserted_incident_rows": 800256, "live_graph": {"active": 0, "allocated": 61003336, "budget": 134217728}, "matched_edges": 500000, "matching_overflow": 0, "phase_graph": null, "resident_bytes": 313733120, "system": {"A": 0, "B": 0, "L_entries": 0, "L_rows": 0, "U": 1000000, "lambda_entries": 0, "lambda_rows": 0}, "virtual_bytes": 423448576}
resource updates=500224 update_seconds=23.640 query_count=2009 groups=1954 largest_group=256 state={"H_edges": 0, "H_reverse_edges": 0, "H_tilde_edges": 0, "color_matching_edges": 0, "deleted_edges": 0, "deleted_incident_rows": 0, "hierarchy": {"deferred_edges": 0, "levels": 1, "partitions": [{"A": 0, "B": 0, "U": 1000000}]}, "inserted_edges": 499776, "inserted_incident_rows": 999552, "live_graph": {"active": 0, "allocated": 61003336, "budget": 134217728}, "matched_edges": 500000, "matching_overflow": 0, "phase_graph": null, "resident_bytes": 340971520, "system": {"A": 0, "B": 0, "L_entries": 0, "L_rows": 0, "U": 1000000, "lambda_entries": 0, "lambda_rows": 0}, "virtual_bytes": 445468672}
resource updates=600064 update_seconds=27.501 query_count=2410 groups=2344 largest_group=256 state={"H_edges": 0, "H_reverse_edges": 0, "H_tilde_edges": 0, "color_matching_edges": 0, "deleted_edges": 0, "deleted_incident_rows": 0, "hierarchy": {"deferred_edges": 0, "levels": 1, "partitions": [{"A": 0, "B": 0, "U": 1000000}]}, "inserted_edges": 399936, "inserted_incident_rows": 799872, "live_graph": {"active": 0, "allocated": 61003336, "budget": 134217728}, "matched_edges": 500000, "matching_overflow": 0, "phase_graph": null, "resident_bytes": 340975616, "system": {"A": 0, "B": 0, "L_entries": 0, "L_rows": 0, "U": 1000000, "lambda_entries": 0, "lambda_rows": 0}, "virtual_bytes": 445468672}
resource updates=700160 update_seconds=31.334 query_count=2814 groups=2735 largest_group=256 state={"H_edges": 0, "H_reverse_edges": 0, "H_tilde_edges": 0, "color_matching_edges": 0, "deleted_edges": 0, "deleted_incident_rows": 0, "hierarchy": {"deferred_edges": 0, "levels": 1, "partitions": [{"A": 0, "B": 0, "U": 1000000}]}, "inserted_edges": 299840, "inserted_incident_rows": 599680, "live_graph": {"active": 0, "allocated": 61003336, "budget": 134217728}, "matched_edges": 500000, "matching_overflow": 0, "phase_graph": null, "resident_bytes": 340975616, "system": {"A": 0, "B": 0, "L_entries": 0, "L_rows": 0, "U": 1000000, "lambda_entries": 0, "lambda_rows": 0}, "virtual_bytes": 445468672}
resource updates=800000 update_seconds=35.070 query_count=3212 groups=3125 largest_group=256 state={"H_edges": 0, "H_reverse_edges": 0, "H_tilde_edges": 0, "color_matching_edges": 0, "deleted_edges": 0, "deleted_incident_rows": 0, "hierarchy": {"deferred_edges": 0, "levels": 1, "partitions": [{"A": 0, "B": 0, "U": 1000000}]}, "inserted_edges": 200000, "inserted_incident_rows": 400000, "live_graph": {"active": 0, "allocated": 61003336, "budget": 134217728}, "matched_edges": 500000, "matching_overflow": 0, "phase_graph": null, "resident_bytes": 340975616, "system": {"A": 0, "B": 0, "L_entries": 0, "L_rows": 0, "U": 1000000, "lambda_entries": 0, "lambda_rows": 0}, "virtual_bytes": 445468672}
resource updates=900096 update_seconds=38.799 query_count=3610 groups=3516 largest_group=256 state={"H_edges": 0, "H_reverse_edges": 0, "H_tilde_edges": 0, "color_matching_edges": 0, "deleted_edges": 0, "deleted_incident_rows": 0, "hierarchy": {"deferred_edges": 0, "levels": 1, "partitions": [{"A": 0, "B": 0, "U": 1000000}]}, "inserted_edges": 99904, "inserted_incident_rows": 199808, "live_graph": {"active": 0, "allocated": 61003336, "budget": 134217728}, "matched_edges": 500000, "matching_overflow": 0, "phase_graph": null, "resident_bytes": 340975616, "system": {"A": 0, "B": 0, "L_entries": 0, "L_rows": 0, "U": 1000000, "lambda_entries": 0, "lambda_rows": 0}, "virtual_bytes": 445468672}
resource updates=1000000 update_seconds=49.544 query_count=4012 groups=3907 largest_group=256 state={"H_edges": 0, "H_reverse_edges": 0, "H_tilde_edges": 0, "color_matching_edges": 0, "deleted_edges": 0, "deleted_incident_rows": 0, "hierarchy": {"deferred_edges": 0, "levels": 1, "partitions": [{"A": 0, "B": 0, "U": 1000000}]}, "inserted_edges": 0, "inserted_incident_rows": 0, "live_graph": {"active": 0, "allocated": 61003336, "budget": 134217728}, "matched_edges": 500000, "matching_overflow": 0, "phase_graph": null, "resident_bytes": 295706624, "system": {"A": 0, "B": 0, "L_entries": 0, "L_rows": 0, "U": 1000000, "lambda_entries": 0, "lambda_rows": 0}, "virtual_bytes": 394084352}
resource phase=service-updates-complete seconds=49.54448256399883 query_count=4012
resource phase=backup-start
resource phase=backup-complete seconds=59.953
resource phase=Memory-start
resource audit=start sequence=2
resource audit=complete sequence=2 seconds=3.918
resource audit=start sequence=2
resource audit=complete sequence=2 seconds=3.933
resource phase=Memory-complete seconds=82.597
resource phase=Disk-start
resource audit=start sequence=2
resource audit=complete sequence=2 seconds=3.954
resource audit=start sequence=3
resource audit=complete sequence=3 seconds=3.936
resource audit=start sequence=3
resource audit=complete sequence=3 seconds=3.924
resource phase=Disk-complete seconds=124.203
{
  "scope": "installed Linux resource exhaustion and exact recovery; NOT performance/power-loss qualification",
  "python": "3.12.15",
  "platform": "Linux-6.8.0-117-generic-aarch64-with-glibc2.41",
  "vertices": 1000000,
  "paper_mode": "multilevel",
  "sequence": 1000000,
  "update_seconds": 49.54448256399883,
  "updates_per_second": 20183.882205415208,
  "cycle": 1000000,
  "limits": {
    "address": [
      536870912,
      536870912
    ],
    "filesystem": 182907904
  },
  "peak": 454012928,
  "working": 345927680,
  "state": {
    "version": 1000001,
    "sequence": 1000000,
    "vertices": 1000000,
    "edges": 2000000,
    "matching": 500000,
    "graph_bytes": 61003336,
    "mode": "multilevel",
    "sqlite": "3.46.1",
    "synchronous": "FULL",
    "fullfsync": 1,
    "max_operations": 1000000,
    "max_batch": 256,
    "history_operations": 1000000
  },
  "metrics": {
    "state": "open",
    "capacity": 4096,
    "query_reserve": 1,
    "update_admission_limit": 4095,
    "maintenance_capacity": 1,
    "maintenance_outstanding": 0,
    "outstanding": 0,
    "peak_outstanding": 2,
    "accepted": 7923,
    "completed": 7923,
    "failed_work": 0,
    "groups": 3907,
    "largest_group": 256,
    "batch_limit": 256,
    "batch_wait_ns": 1000000,
    "next_admission_sequence": 1000001,
    "update_latency_le_100000_ns": 0,
    "update_latency_le_500000_ns": 0,
    "update_latency_le_1000000_ns": 0,
    "update_latency_le_5000000_ns": 0,
    "update_latency_le_10000000_ns": 1865,
    "update_latency_le_50000000_ns": 3905,
    "update_latency_le_100000000_ns": 3906,
    "update_latency_le_500000000_ns": 3906,
    "update_latency_le_1000000000_ns": 3906,
    "update_latency_le_5000000000_ns": 3906,
    "update_latency_le_30000000000_ns": 3907,
    "read_latency_le_100000_ns": 109,
    "read_latency_le_500000_ns": 112,
    "read_latency_le_1000000_ns": 549,
    "read_latency_le_5000000_ns": 1102,
    "read_latency_le_10000000_ns": 3782,
    "read_latency_le_50000000_ns": 4012,
    "read_latency_le_100000000_ns": 4012,
    "read_latency_le_500000000_ns": 4012,
    "read_latency_le_1000000000_ns": 4012,
    "read_latency_le_5000000000_ns": 4012,
    "read_latency_le_30000000000_ns": 4013,
    "maintenance_latency_le_100000_ns": 0,
    "maintenance_latency_le_500000_ns": 0,
    "maintenance_latency_le_1000000_ns": 0,
    "maintenance_latency_le_5000000_ns": 1,
    "maintenance_latency_le_10000000_ns": 1,
    "maintenance_latency_le_50000000_ns": 1,
    "maintenance_latency_le_100000000_ns": 1,
    "maintenance_latency_le_500000000_ns": 1,
    "maintenance_latency_le_1000000000_ns": 1,
    "maintenance_latency_le_5000000000_ns": 3,
    "maintenance_latency_le_30000000000_ns": 3,
    "update_latency_le_infinity_ns": 3907,
    "read_latency_le_infinity_ns": 4013,
    "maintenance_latency_le_infinity_ns": 3,
    "update_latency_sum_ns": 47918638056,
    "read_latency_sum_ns": 35548819354,
    "maintenance_latency_sum_ns": 4782324709
  },
  "partner_queries": {
    "count": 4012,
    "latency_ms": {
      "minimum": 0.037459,
      "mean": 8.98846950997009,
      "maximum": 7049.607985,
      "p50_upper_bound": 10,
      "p95_upper_bound": 25,
      "p99_upper_bound": 25,
      "p999_upper_bound": 50,
      "buckets_ms_upper_bounds": [
        0.1,
        0.25,
        0.5,
        1,
        2,
        5,
        10,
        25,
        50,
        100,
        250,
        500,
        1000,
        null
      ],
      "bucket_counts": [
        100,
        1,
        2,
        342,
        258,
        390,
        2624,
        265,
        29,
        0,
        0,
        0,
        0,
        1
      ]
    }
  },
  "backup": 55414784,
  "digest": "32801381edc449f9f0c1b760b9fbd73cabd1aa7fb737bbe808b431103305c44a",
  "pressure": {
    "Memory": {
      "allocated": 239599616,
      "failure": "UnavailableError",
      "failed_group": 4096,
      "pressure_digest": "32801381edc449f9f0c1b760b9fbd73cabd1aa7fb737bbe808b431103305c44a",
      "rollback_verified": true,
      "verified": true
    },
    "Disk": {
      "digest": "32801381edc449f9f0c1b760b9fbd73cabd1aa7fb737bbe808b431103305c44a",
      "checkpoint": {
        "written": 67862528,
        "failed": true,
        "result": null,
        "complete": false,
        "digest": "005612a17673f8fa7dc769cc3272024d40b3f59191b06c3cd7d3f577b7cd4cfe",
        "verified": true
      },
      "update": {
        "update_written": 67821568,
        "update_sequence": 3,
        "update_outcome": "acknowledged-or-retried-exactly",
        "digest": "32801381edc449f9f0c1b760b9fbd73cabd1aa7fb737bbe808b431103305c44a",
        "verified": true
      }
    }
  },
  "verified": true
}
