resource phase=service-updates-start
resource phase=service-ready initialization_seconds=5.065
resource updates=100096 update_seconds=3.933 query_count=403 groups=391 largest_group=256 state={"H_edges": 0, "H_reverse_edges": 0, "H_tilde_edges": 0, "color_matching_edges": 0, "deleted_edges": 0, "deleted_incident_rows": 0, "hierarchy": {"deferred_edges": 0, "levels": 1, "partitions": [{"A": 0, "B": 0, "U": 1000000}]}, "inserted_edges": 100096, "inserted_incident_rows": 200192, "live_graph": {"active": 0, "allocated": 61003336, "budget": 134217728}, "matched_edges": 500000, "matching_overflow": 0, "phase_graph": {"active": 0, "allocated": 38166088, "budget": 67108864}, "resident_bytes": 247414784, "system": {"A": 0, "B": 0, "L_entries": 0, "L_rows": 0, "U": 1000000, "lambda_entries": 0, "lambda_rows": 0}, "virtual_bytes": 382930944}
resource updates=200192 update_seconds=8.032 query_count=809 groups=782 largest_group=256 state={"H_edges": 0, "H_reverse_edges": 0, "H_tilde_edges": 0, "color_matching_edges": 0, "deleted_edges": 0, "deleted_incident_rows": 0, "hierarchy": {"deferred_edges": 0, "levels": 1, "partitions": [{"A": 0, "B": 0, "U": 1000000}]}, "inserted_edges": 200192, "inserted_incident_rows": 400384, "live_graph": {"active": 0, "allocated": 61003336, "budget": 134217728}, "matched_edges": 500000, "matching_overflow": 0, "phase_graph": {"active": 0, "allocated": 38166088, "budget": 67108864}, "resident_bytes": 331620352, "system": {"A": 0, "B": 0, "L_entries": 0, "L_rows": 0, "U": 1000000, "lambda_entries": 0, "lambda_rows": 0}, "virtual_bytes": 508760064}
Traceback (most recent call last):
  File "/workspace/scripts/verify_resource_envelope.py", line 1081, in <module>
    Envelope.cli()
  File "/workspace/scripts/verify_resource_envelope.py", line 1075, in cli
    print(json.dumps(envelope.run(), indent=2))
                     ^^^^^^^^^^^^^^
  File "/workspace/scripts/verify_resource_envelope.py", line 955, in run
    update_seconds, queries = self.update(service)
                              ^^^^^^^^^^^^^^^^^^^^
  File "/workspace/scripts/verify_resource_envelope.py", line 887, in update
    requests = tuple(
               ^^^^^^
  File "/workspace/scripts/verify_resource_envelope.py", line 888, in <genexpr>
    Request(seq, *self.audit.operation(seq))
                  ^^^^^^^^^^^^^^^^^^^^^^^^^
  File "/workspace/scripts/verify_resource_envelope.py", line 382, in operation
    vertex = (sequence - 1) % half
              ~~~~~~~~~^~~
MemoryError
Traceback (most recent call last):
  File "/workspace/scripts/verify_resource_envelope.py", line 1081, in <module>
    Envelope.cli()
  File "/workspace/scripts/verify_resource_envelope.py", line 1077, in cli
    envelope.launch()
  File "/workspace/scripts/verify_resource_envelope.py", line 1045, in launch
    subprocess.run(
  File "/usr/local/lib/python3.12/subprocess.py", line 571, in run
    raise CalledProcessError(retcode, process.args,
subprocess.CalledProcessError: Command '['/usr/local/bin/python', '-I', '/workspace/scripts/verify_resource_envelope.py', '--directory', '/tmp/vol', '--vertices', '1000000', '--mode', 'multilevel', '--worker', '--growth']' returned non-zero exit status 1.
