resource phase=service-updates-start
resource phase=service-ready initialization_seconds=6.140
resource updates=100096 update_seconds=4.452 query_count=1762 groups=401 largest_group=256
resource updates=200192 update_seconds=9.380 query_count=3569 groups=798 largest_group=256
resource updates=300032 update_seconds=14.283 query_count=5788 groups=1191 largest_group=256
MemoryError

During handling of the above exception, another exception occurred:

Traceback (most recent call last):
  File "/workspace/scripts/verify_resource_envelope.py", line 995, in <module>
    Envelope.cli()
  File "/workspace/scripts/verify_resource_envelope.py", line 989, in cli
    print(json.dumps(envelope.run(), indent=2))
                     ^^^^^^^^^^^^^^
  File "/workspace/scripts/verify_resource_envelope.py", line 869, in run
    update_seconds, queries = self.update(service)
                              ^^^^^^^^^^^^^^^^^^^^
  File "/workspace/scripts/verify_resource_envelope.py", line 815, in update
    service.submit(Request(seq, *self.audit.operation(seq)))
MemoryError
Traceback (most recent call last):
  File "/workspace/scripts/verify_resource_envelope.py", line 995, in <module>
    Envelope.cli()
  File "/workspace/scripts/verify_resource_envelope.py", line 991, in cli
    envelope.launch()
  File "/workspace/scripts/verify_resource_envelope.py", line 959, in launch
    subprocess.run(
  File "/usr/local/lib/python3.12/subprocess.py", line 571, in run
    raise CalledProcessError(retcode, process.args,
subprocess.CalledProcessError: Command '['/usr/local/bin/python', '-I', '/workspace/scripts/verify_resource_envelope.py', '--directory', '/tmp/vol', '--vertices', '1000000', '--mode', 'multilevel', '--worker', '--growth']' returned non-zero exit status 1.
